Component: ARM Compiler 5.06 update 5 (build 528) Tool: armlink [4d35e2]

==============================================================================

Section Cross References

    uart.o(i.putnumU) refers to uart.o(i.uart_putchar) for uart_putchar
    uart.o(i.uart_put) refers to uart.o(i.uart_putchar) for uart_putchar
    camera.o(i.ADC0_IRQHandler) refers to camera.o(.data) for ADC0VAL
    camera.o(i.CAMERA_getCapcnt) refers to camera.o(.data) for capcnt
    camera.o(i.CAMERA_getDebugcamdata) refers to camera.o(.data) for debugcamdata
    camera.o(i.CAMERA_getLine) refers to camera.o(.bss) for line
    camera.o(i.CAMERA_setCapcnt) refers to camera.o(.data) for capcnt
    camera.o(i.FTM2_IRQHandler) refers to camera.o(.data) for pixcnt
    camera.o(i.FTM2_IRQHandler) refers to camera.o(.bss) for line
    camera.o(i.PIT0_IRQHandler) refers to camera.o(.data) for debugcamdata
    camera.o(i.camera_init) refers to uart.o(i.uart_init) for uart_init
    camera.o(i.camera_init) refers to camera.o(i.init_GPIO) for init_GPIO
    camera.o(i.camera_init) refers to camera.o(i.init_FTM2) for init_FTM2
    camera.o(i.camera_init) refers to camera.o(i.init_ADC0) for init_ADC0
    camera.o(i.camera_init) refers to camera.o(i.init_PIT) for init_PIT
    camera.o(i.init_ADC0) refers to camera.o(i.__NVIC_EnableIRQ) for __NVIC_EnableIRQ
    camera.o(i.init_FTM2) refers to camera.o(i.__NVIC_EnableIRQ) for __NVIC_EnableIRQ
    camera.o(i.init_PIT) refers to camera.o(i.__NVIC_EnableIRQ) for __NVIC_EnableIRQ
    dc.o(i.DC_SetDutyCycle) refers to _printf_percent.o(.ARM.Collect$$_printf_percent$$00000000) for _printf_percent
    dc.o(i.DC_SetDutyCycle) refers to _printf_d.o(.ARM.Collect$$_printf_percent$$00000009) for _printf_d
    dc.o(i.DC_SetDutyCycle) refers to _printf_dec.o(.text) for _printf_int_dec
    dc.o(i.DC_SetDutyCycle) refers to noretval__2sprintf.o(.text) for __2sprintf
    dc.o(i.DC_SetDutyCycle) refers to uart.o(i.uart_put) for uart_put
    servo.o(i.SERVO_SetServo) refers to _printf_percent.o(.ARM.Collect$$_printf_percent$$00000000) for _printf_percent
    servo.o(i.SERVO_SetServo) refers to _printf_d.o(.ARM.Collect$$_printf_percent$$00000009) for _printf_d
    servo.o(i.SERVO_SetServo) refers to _printf_f.o(.ARM.Collect$$_printf_percent$$00000003) for _printf_f
    servo.o(i.SERVO_SetServo) refers to _printf_dec.o(.text) for _printf_int_dec
    servo.o(i.SERVO_SetServo) refers to printf1.o(x$fpl$printf1) for _printf_fp_dec
    servo.o(i.SERVO_SetServo) refers to noretval__2sprintf.o(.text) for __2sprintf
    servo.o(i.SERVO_SetServo) refers to uart.o(i.uart_put) for uart_put
    servo.o(i.SERVO_SetServo) refers to dmul.o(x$fpl$dmul) for __aeabi_dmul
    servo.o(i.SERVO_SetServo) refers to ddiv.o(x$fpl$ddiv) for __aeabi_ddiv
    servo.o(i.SERVO_SetServo) refers to dfixu.o(x$fpl$dfixu) for __aeabi_d2uiz
    test.o(i.TEST_motor) refers to uart.o(i.uart_put) for uart_put
    test.o(i.TEST_motor) refers to dc.o(i.DC_SetDutyCycle) for DC_SetDutyCycle
    test.o(i.TEST_servo) refers to uart.o(i.uart_put) for uart_put
    test.o(i.TEST_servo) refers to servo.o(i.SERVO_SetServo) for SERVO_SetServo
    main.o(i.cameraAndServo) refers to _printf_percent.o(.ARM.Collect$$_printf_percent$$00000000) for _printf_percent
    main.o(i.cameraAndServo) refers to _printf_d.o(.ARM.Collect$$_printf_percent$$00000009) for _printf_d
    main.o(i.cameraAndServo) refers to _printf_dec.o(.text) for _printf_int_dec
    main.o(i.cameraAndServo) refers to uart.o(i.uart_put) for uart_put
    main.o(i.cameraAndServo) refers to camera.o(i.camera_init) for camera_init
    main.o(i.cameraAndServo) refers to servo.o(i.SERVO_init) for SERVO_init
    main.o(i.cameraAndServo) refers to servo.o(i.SERVO_SetServo) for SERVO_SetServo
    main.o(i.cameraAndServo) refers to camera.o(i.CAMERA_getLine) for CAMERA_getLine
    main.o(i.cameraAndServo) refers to noretval__2printf.o(.text) for __2printf
    main.o(i.cameraAndServo) refers to dflt_clz.o(x$fpl$dflt) for __aeabi_i2d
    main.o(i.cameraAndServo) refers to dmul.o(x$fpl$dmul) for __aeabi_dmul
    main.o(i.cameraAndServo) refers to daddsub_clz.o(x$fpl$dadd) for __aeabi_dadd
    main.o(i.cameraAndServo) refers to camera.o(i.CAMERA_setCapcnt) for CAMERA_setCapcnt
    main.o(i.cameraTest_matlab) refers to uart.o(i.uart_init) for uart_init
    main.o(i.cameraTest_matlab) refers to uart.o(i.uart_put) for uart_put
    main.o(i.cameraTest_matlab) refers to camera.o(i.camera_init) for camera_init
    main.o(i.cameraTest_matlab) refers to camera.o(i.CAMERA_getDebugcamdata) for CAMERA_getDebugcamdata
    main.o(i.cameraTest_matlab) refers to camera.o(i.CAMERA_getCapcnt) for CAMERA_getCapcnt
    main.o(i.cameraTest_matlab) refers to camera.o(i.CAMERA_setCapcnt) for CAMERA_setCapcnt
    main.o(i.init) refers to uart.o(i.uart_init) for uart_init
    main.o(i.init) refers to dc.o(i.DC_init) for DC_init
    main.o(i.init) refers to servo.o(i.SERVO_init) for SERVO_init
[...]
    ../clib/heapalloc.c                      0x00000000   Number         0  maybetermalloc1.o ABSOLUTE
    ../clib/heapalloc.c                      0x00000000   Number         0  hrguard.o ABSOLUTE
    ../clib/heapalloc.c                      0x00000000   Number         0  malloc.o ABSOLUTE
    ../clib/heapalloc.c                      0x00000000   Number         0  term_alloc.o ABSOLUTE
    ../clib/heapalloc.c                      0x00000000   Number         0  hguard.o ABSOLUTE
    ../clib/heapalloc.c                      0x00000000   Number         0  init_alloc.o ABSOLUTE
    ../clib/heapalloc.c                      0x00000000   Number         0  maybetermalloc2.o ABSOLUTE
    ../clib/heapaux.c                        0x00000000   Number         0  heapauxa.o ABSOLUTE
    ../clib/heapaux.c                        0x00000000   Number         0  heapauxi.o ABSOLUTE
    ../clib/libinit.s                        0x00000000   Number         0  libshutdown.o ABSOLUTE
    ../clib/libinit.s                        0x00000000   Number         0  libinit.o ABSOLUTE
    ../clib/libinit.s                        0x00000000   Number         0  libinit2.o ABSOLUTE
    ../clib/libinit.s                        0x00000000   Number         0  libshutdown2.o ABSOLUTE
    ../clib/locale.s                         0x00000000   Number         0  lc_numeric_c.o ABSOLUTE
    ../clib/longlong.s                       0x00000000   Number         0  lludiv10.o ABSOLUTE
    ../clib/memcpset.s                       0x00000000   Number         0  rt_memcpy_v6.o ABSOLUTE
    ../clib/memcpset.s                       0x00000000   Number         0  rt_memcpy_w.o ABSOLUTE
    ../clib/memcpset.s                       0x00000000   Number         0  strcmpv7m.o ABSOLUTE
    ../clib/memcpset.s                       0x00000000   Number         0  rt_memclr_w.o ABSOLUTE
    ../clib/printf.c                         0x00000000   Number         0  _printf_fp_dec.o ABSOLUTE
    ../clib/printf.c                         0x00000000   Number         0  noretval__2sprintf.o ABSOLUTE
    ../clib/printf.c                         0x00000000   Number         0  __printf.o ABSOLUTE
    ../clib/printf.c                         0x00000000   Number         0  _printf_dec.o ABSOLUTE
    ../clib/printf.c                         0x00000000   Number         0  __printf_flags.o ABSOLUTE
    ../clib/printf.c                         0x00000000   Number         0  __printf_ss.o ABSOLUTE
    ../clib/printf.c                         0x00000000   Number         0  _printf_intcommon.o ABSOLUTE
    ../clib/printf.c                         0x00000000   Number         0  __2sprintf.o ABSOLUTE
    ../clib/printf.c                         0x00000000   Number         0  __2printf.o ABSOLUTE
    ../clib/printf.c                         0x00000000   Number         0  _printf_char_common.o ABSOLUTE
    ../clib/printf.c                         0x00000000   Number         0  __printf_flags_ss_wp.o ABSOLUTE
    ../clib/printf.c                         0x00000000   Number         0  noretval__2printf.o ABSOLUTE
    ../clib/printf.c                         0x00000000   Number         0  __printf_ss_wp.o ABSOLUTE
    ../clib/printf.c                         0x00000000   Number         0  _printf_char_file_locked.o ABSOLUTE
    ../clib/printf.c                         0x00000000   Number         0  _printf_fp_infnan.o ABSOLUTE
    ../clib/printf.c                         0x00000000   Number         0  __printf_flags_wp.o ABSOLUTE
    ../clib/printf.c                         0x00000000   Number         0  __printf_nopercent.o ABSOLUTE
    ../clib/printf.c                         0x00000000   Number         0  __printf_wp.o ABSOLUTE
    ../clib/printf.c                         0x00000000   Number         0  _sputc.o ABSOLUTE
    ../clib/printf.c                         0x00000000   Number         0  _printf_char_file.o ABSOLUTE
    ../clib/printf.c                         0x00000000   Number         0  __printf_flags_ss.o ABSOLUTE
    ../clib/printf_percent.s                 0x00000000   Number         0  _printf_percent_end.o ABSOLUTE
    ../clib/printf_percent.s                 0x00000000   Number         0  _printf_f.o ABSOLUTE
    ../clib/printf_percent.s                 0x00000000   Number         0  _printf_percent.o ABSOLUTE
    ../clib/printf_percent.s                 0x00000000   Number         0  _printf_d.o ABSOLUTE
    ../clib/signal.c                         0x00000000   Number         0  defsig_rtred_inner.o ABSOLUTE
    ../clib/signal.c                         0x00000000   Number         0  defsig_general.o ABSOLUTE
    ../clib/signal.c                         0x00000000   Number         0  defsig_rtmem_outer.o ABSOLUTE
    ../clib/signal.c                         0x00000000   Number         0  defsig_rtmem_formal.o ABSOLUTE
    ../clib/signal.c                         0x00000000   Number         0  defsig_rtred_formal.o ABSOLUTE
    ../clib/signal.c                         0x00000000   Number         0  defsig_abrt_inner.o ABSOLUTE
    ../clib/signal.c                         0x00000000   Number         0  defsig_fpe_inner.o ABSOLUTE
    ../clib/signal.c                         0x00000000   Number         0  __raise.o ABSOLUTE
    ../clib/signal.c                         0x00000000   Number         0  defsig_other.o ABSOLUTE
    ../clib/signal.c                         0x00000000   Number         0  defsig_exit.o ABSOLUTE
    ../clib/signal.c                         0x00000000   Number         0  defsig_segv_inner.o ABSOLUTE
    ../clib/signal.c                         0x00000000   Number         0  defsig_cppl_inner.o ABSOLUTE
    ../clib/signal.c                         0x00000000   Number         0  defsig_rtmem_inner.o ABSOLUTE
    ../clib/signal.c                         0x00000000   Number         0  defsig_stak_inner.o ABSOLUTE
    ../clib/signal.c                         0x00000000   Number         0  defsig_rtred_outer.o ABSOLUTE
    ../clib/signal.c                         0x00000000   Number         0  defsig_pvfn_inner.o ABSOLUTE
    ../clib/signal.s                         0x00000000   Number         0  defsig.o ABSOLUTE
    ../clib/stdio.c                          0x00000000   Number         0  ferror.o ABSOLUTE
    ../clib/stdio.c                          0x00000000   Number         0  fflush.o ABSOLUTE
    ../clib/stdio.c                          0x00000000   Number         0  fopen_locked.o ABSOLUTE
    ../clib/stdio.c                          0x00000000   Number         0  setvbuf_locked.o ABSOLUTE
    ../clib/stdio.c                          0x00000000   Number         0  fclose.o ABSOLUTE
    ../clib/stdio.c                          0x00000000   Number         0  fseek.o ABSOLUTE
    ../clib/stdio.c                          0x00000000   Number         0  fopen.o ABSOLUTE
    ../clib/stdio.c                          0x00000000   Number         0  fwritefast_locked.o ABSOLUTE
    ../clib/stdio.c                          0x00000000   Number         0  fwritefast.o ABSOLUTE
    ../clib/stdio.c                          0x00000000   Number         0  streamlock.o ABSOLUTE
    ../clib/stdio.c                          0x00000000   Number         0  stdio.o ABSOLUTE
    ../clib/stdio.c                          0x00000000   Number         0  stdio_streams.o ABSOLUTE
    ../clib/stdio.c                          0x00000000   Number         0  setvbuf.o ABSOLUTE
    ../clib/stdio.c                          0x00000000   Number         0  fputc.o ABSOLUTE
    ../clib/stdio.c                          0x00000000   Number         0  flsbuf.o ABSOLUTE
    ../clib/stdio.c                          0x00000000   Number         0  initio.o ABSOLUTE
    ../clib/stdio.c                          0x00000000   Number         0  fputc_locked.o ABSOLUTE
    ../clib/stdio.c                          0x00000000   Number         0  ferror_locked.o ABSOLUTE
    ../clib/stdio.c                          0x00000000   Number         0  initio_locked.o ABSOLUTE
    ../clib/stdio.c                          0x00000000   Number         0  fputs.o ABSOLUTE
    ../clib/stdio.c                          0x00000000   Number         0  ftell.o ABSOLUTE
    ../clib/stdio.c                          0x00000000   Number         0  fputs_locked.o ABSOLUTE
    ../clib/stdio.c                          0x00000000   Number         0  fflush_locked.o ABSOLUTE
    ../clib/stdlib.c                         0x00000000   Number         0  exit.o ABSOLUTE
    ../clib/string.c                         0x00000000   Number         0  strlen.o ABSOLUTE
    ../clib/wchar.c                          0x00000000   Number         0  flsbuf_fwide.o ABSOLUTE
    ../fplib/daddsub.s                       0x00000000   Number         0  daddsub_clz.o ABSOLUTE
    ../fplib/dcmpi.s                         0x00000000   Number         0  dcmpi.o ABSOLUTE
    ../fplib/ddiv.s                          0x00000000   Number         0  ddiv.o ABSOLUTE
    ../fplib/dfixu.s                         0x00000000   Number         0  dfixu.o ABSOLUTE
    ../fplib/dflt.s                          0x00000000   Number         0  dflt_clz.o ABSOLUTE
    ../fplib/dleqf.s                         0x00000000   Number         0  dleqf.o ABSOLUTE
    ../fplib/dmul.s                          0x00000000   Number         0  dmul.o ABSOLUTE
    ../fplib/dnaninf.s                       0x00000000   Number         0  dnaninf.o ABSOLUTE
    ../fplib/dretinf.s                       0x00000000   Number         0  dretinf.o ABSOLUTE
    ../fplib/drleqf.s                        0x00000000   Number         0  drleqf.o ABSOLUTE
    ../fplib/fpinit.s                        0x00000000   Number         0  fpinit.o ABSOLUTE
    ../fplib/istatus.s                       0x00000000   Number         0  istatus.o ABSOLUTE
    ../fplib/printf1.s                       0x00000000   Number         0  printf1.o ABSOLUTE
    ../fplib/usenofp.s                       0x00000000   Number         0  usenofp.o ABSOLUTE
    ../mathlib/fpclassify.c                  0x00000000   Number         0  fpclassify.o ABSOLUTE
    RTE\Device\MK64FN1M0xxx12\startup_MK64F12.s 0x00000000   Number         0  startup_mk64f12.o ABSOLUTE
    RTE\Device\MK64FN1M0xxx12\system_MK64F12.c 0x00000000   Number         0  system_mk64f12.o ABSOLUTE
    RTE\\Device\\MK64FN1M0xxx12\\system_MK64F12.c 0x00000000   Number         0  system_mk64f12.o ABSOLUTE
    camera.c                                 0x00000000   Number         0  camera.o ABSOLUTE
    camera.c                                 0x00000000   Number         0  camera.o ABSOLUTE
    dc.c                                     0x00000000   Number         0  dc.o ABSOLUTE
    dc.c                                     0x00000000   Number         0  dc.o ABSOLUTE
    dc.s                                     0x00000000   Number         0  dc.o ABSOLUTE
    delay.c                                  0x00000000   Number         0  delay.o ABSOLUTE
    main.c                                   0x00000000   Number         0  main.o ABSOLUTE
    main.c                                   0x00000000   Number         0  main.o ABSOLUTE
    servo.c                                  0x00000000   Number         0  servo.o ABSOLUTE
    servo.c                                  0x00000000   Number         0  servo.o ABSOLUTE
    test.c                                   0x00000000   Number         0  test.o ABSOLUTE
    test.c                                   0x00000000   Number         0  test.o ABSOLUTE
    uart.c                                   0x00000000   Number         0  uart.o ABSOLUTE
    uart.c                                   0x00000000   Number         0  uart.o ABSOLUTE
    .ARM.__at_0x400                          0x00000400   Section       16  startup_mk64f12.o(.ARM.__at_0x400)
    !!!main                                  0x00000410   Section        8  __main.o(!!!main)
    !!!scatter                               0x00000418   Section       52  __scatter.o(!!!scatter)
    !!handler_copy                           0x0000044c   Section       26  __scatter_copy.o(!!handler_copy)
    !!handler_zi                             0x00000468   Section       28  __scatter_zi.o(!!handler_zi)
    .ARM.Collect$$_printf_percent$$00000000  0x00000484   Section        0  _printf_percent.o(.ARM.Collect$$_printf_percent$$00000000)
    .ARM.Collect$$_printf_percent$$00000003  0x00000484   Section        6  _printf_f.o(.ARM.Collect$$_printf_percent$$00000003)
    .ARM.Collect$$_printf_percent$$00000009  0x0000048a   Section        6  _printf_d.o(.ARM.Collect$$_printf_percent$$00000009)
    .ARM.Collect$$_printf_percent$$00000017  0x00000490   Section        4  _printf_percent_end.o(.ARM.Collect$$_printf_percent$$00000017)
    .ARM.Collect$$libinit$$00000000          0x00000494   Section        2  libinit.o(.ARM.Collect$$libinit$$00000000)
    .ARM.Collect$$libinit$$00000001          0x00000496   Section        4  libinit2.o(.ARM.Collect$$libinit$$00000001)
    .ARM.Collect$$libinit$$00000004          0x0000049a   Section        0  libinit2.o(.ARM.Collect$$libinit$$00000004)
    .ARM.Collect$$libinit$$00000005          0x0000049a   Section        8  libinit2.o(.ARM.Collect$$libinit$$00000005)
    .ARM.Collect$$libinit$$0000000A          0x000004a2   Section        0  libinit2.o(.ARM.Collect$$libinit$$0000000A)
    .ARM.Collect$$libinit$$0000000C          0x000004a2   Section        0  libinit2.o(.ARM.Collect$$libinit$$0000000C)
    .ARM.Collect$$libinit$$0000000E          0x000004a2   Section        0  libinit2.o(.ARM.Collect$$libinit$$0000000E)
    .ARM.Collect$$libinit$$0000000F          0x000004a2   Section        6  libinit2.o(.ARM.Collect$$libinit$$0000000F)
    .ARM.Collect$$libinit$$00000011          0x000004a8   Section        0  libinit2.o(.ARM.Collect$$libinit$$00000011)
    .ARM.Collect$$libinit$$00000013          0x000004a8   Section        0  libinit2.o(.ARM.Collect$$libinit$$00000013)
    .ARM.Collect$$libinit$$00000015          0x000004a8   Section        0  libinit2.o(.ARM.Collect$$libinit$$00000015)
    .ARM.Collect$$libinit$$00000016          0x000004a8   Section       10  libinit2.o(.ARM.Collect$$libinit$$00000016)
    .ARM.Collect$$libinit$$00000017          0x000004b2   Section        0  libinit2.o(.ARM.Collect$$libinit$$00000017)
    .ARM.Collect$$libinit$$00000019          0x000004b2   Section        0  libinit2.o(.ARM.Collect$$libinit$$00000019)
    .ARM.Collect$$libinit$$0000001B          0x000004b2   Section        0  libinit2.o(.ARM.Collect$$libinit$$0000001B)
    .ARM.Collect$$libinit$$0000001D          0x000004b2   Section        0  libinit2.o(.ARM.Collect$$libinit$$0000001D)
    .ARM.Collect$$libinit$$0000001F          0x000004b2   Section        0  libinit2.o(.ARM.Collect$$libinit$$0000001F)
    .ARM.Collect$$libinit$$00000021          0x000004b2   Section        0  libinit2.o(.ARM.Collect$$libinit$$00000021)
    .ARM.Collect$$libinit$$00000023          0x000004b2   Section        0  libinit2.o(.ARM.Collect$$libinit$$00000023)
    .ARM.Collect$$libinit$$00000024          0x000004b2   Section        4  libinit2.o(.ARM.Collect$$libinit$$00000024)
    .ARM.Collect$$libinit$$00000025          0x000004b6   Section        0  libinit2.o(.ARM.Collect$$libinit$$00000025)
    .ARM.Collect$$libinit$$0000002C          0x000004b6   Section        0  libinit2.o(.ARM.Collect$$libinit$$0000002C)
    .ARM.Collect$$libinit$$0000002E          0x000004b6   Section        0  libinit2.o(.ARM.Collect$$libinit$$0000002E)
    .ARM.Collect$$libinit$$00000030          0x000004b6   Section        0  libinit2.o(.ARM.Collect$$libinit$$00000030)
    .ARM.Collect$$libinit$$00000032          0x000004b6   Section        0  libinit2.o(.ARM.Collect$$libinit$$00000032)
    .ARM.Collect$$libinit$$00000033          0x000004b6   Section        2  libinit2.o(.ARM.Collect$$libinit$$00000033)
    .ARM.Collect$$libshutdown$$00000000      0x000004b8   Section        2  libshutdown.o(.ARM.Collect$$libshutdown$$00000000)
    .ARM.Collect$$libshutdown$$00000002      0x000004ba   Section        0  libshutdown2.o(.ARM.Collect$$libshutdown$$00000002)
    .ARM.Collect$$libshutdown$$00000003      0x000004ba   Section        4  libshutdown2.o(.ARM.Collect$$libshutdown$$00000003)
    .ARM.Collect$$libshutdown$$00000004      0x000004be   Section        0  libshutdown2.o(.ARM.Collect$$libshutdown$$00000004)
    .ARM.Collect$$libshutdown$$00000007      0x000004be   Section        0  libshutdown2.o(.ARM.Collect$$libshutdown$$00000007)
    .ARM.Collect$$libshutdown$$0000000A      0x000004be   Section        0  libshutdown2.o(.ARM.Collect$$libshutdown$$0000000A)
    .ARM.Collect$$libshutdown$$0000000C      0x000004be   Section        0  libshutdown2.o(.ARM.Collect$$libshutdown$$0000000C)
    .ARM.Collect$$libshutdown$$0000000F      0x000004be   Section        0  libshutdown2.o(.ARM.Collect$$libshutdown$$0000000F)
    .ARM.Collect$$libshutdown$$00000010      0x000004be   Section        2  libshutdown2.o(.ARM.Collect$$libshutdown$$00000010)
    .ARM.Collect$$rtentry$$00000000          0x000004c0   Section        0  __rtentry.o(.ARM.Collect$$rtentry$$00000000)
    .ARM.Collect$$rtentry$$00000002          0x000004c0   Section        0  __rtentry2.o(.ARM.Collect$$rtentry$$00000002)
    .ARM.Collect$$rtentry$$00000004          0x000004c0   Section        6  __rtentry4.o(.ARM.Collect$$rtentry$$00000004)
    .ARM.Collect$$rtentry$$00000009          0x000004c6   Section        0  __rtentry2.o(.ARM.Collect$$rtentry$$00000009)
    .ARM.Collect$$rtentry$$0000000A          0x000004c6   Section        4  __rtentry2.o(.ARM.Collect$$rtentry$$0000000A)
    .ARM.Collect$$rtentry$$0000000C          0x000004ca   Section        0  __rtentry2.o(.ARM.Collect$$rtentry$$0000000C)
    .ARM.Collect$$rtentry$$0000000D          0x000004ca   Section        8  __rtentry2.o(.ARM.Collect$$rtentry$$0000000D)
    .ARM.Collect$$rtexit$$00000000           0x000004d2   Section        2  rtexit.o(.ARM.Collect$$rtexit$$00000000)
    .ARM.Collect$$rtexit$$00000002           0x000004d4   Section        0  rtexit2.o(.ARM.Collect$$rtexit$$00000002)
    .ARM.Collect$$rtexit$$00000003           0x000004d4   Section        4  rtexit2.o(.ARM.Collect$$rtexit$$00000003)
    .ARM.Collect$$rtexit$$00000004           0x000004d8   Section        6  rtexit2.o(.ARM.Collect$$rtexit$$00000004)
    .emb_text                                0x000004e0   Section        0  maybetermalloc1.o(.emb_text)
    .text                                    0x000004e0   Section       72  startup_mk64f12.o(.text)
    $v0                                      0x000004e0   Number         0  startup_mk64f12.o(.text)
    .text                                    0x00000528   Section        0  noretval__2printf.o(.text)
    .text                                    0x00000540   Section        0  noretval__2sprintf.o(.text)
    .text                                    0x00000568   Section        0  __printf.o(.text)
    .text                                    0x000005d0   Section        0  _printf_dec.o(.text)
    .text                                    0x00000648   Section        0  heapauxi.o(.text)
    .text                                    0x0000064e   Section        0  _printf_intcommon.o(.text)
    .text                                    0x00000700   Section        0  _printf_fp_dec.o(.text)
    _fp_digits                               0x00000703   Thumb Code   432  _printf_fp_dec.o(.text)
    .text                                    0x00000b20   Section        0  _printf_char_common.o(.text)
    _printf_input_char                       0x00000b21   Thumb Code    10  _printf_char_common.o(.text)
    .text                                    0x00000b50   Section        0  _sputc.o(.text)
    .text                                    0x00000b5c   Section        0  _printf_char_file.o(.text)
    .text                                    0x00000b80   Section        8  rt_locale_intlibspace.o(.text)
    .text                                    0x00000b88   Section      138  lludiv10.o(.text)
    .text                                    0x00000c14   Section        0  _printf_fp_infnan.o(.text)
    .text                                    0x00000c94   Section        0  bigflt0.o(.text)
    .text                                    0x00000d78   Section        0  ferror.o(.text)
    .text                                    0x00000d80   Section        0  initio.o(.text)
    .text                                    0x00000eb8   Section        0  sys_io.o(.text)
    .text                                    0x00000f20   Section        8  libspace.o(.text)
    .text                                    0x00000f28   Section       74  sys_stackheap_outer.o(.text)
    .text                                    0x00000f72   Section        0  h1_free.o(.text)
    .text                                    0x00000fc0   Section        0  flsbuf.o(.text)
    .text                                    0x00001196   Section        0  setvbuf.o(.text)
    .text                                    0x000011dc   Section        0  fopen.o(.text)
    _freopen_locked                          0x000011dd   Thumb Code     0  fopen.o(.text)
    .text                                    0x000012c8   Section        0  fclose.o(.text)
    .text                                    0x00001314   Section        0  exit.o(.text)
    .text                                    0x00001326   Section        0  defsig_rtred_outer.o(.text)
    .text                                    0x00001334   Section       78  rt_memclr_w.o(.text)
    .text                                    0x00001384   Section      128  strcmpv7m.o(.text)
    .text                                    0x00001404   Section        2  use_no_semi.o(.text)
    .text                                    0x00001406   Section        0  indicate_semi.o(.text)
    .text                                    0x00001408   Section        8  rt_heap_descriptor_intlibspace.o(.text)
    .text                                    0x00001410   Section        0  hguard.o(.text)
    .text                                    0x00001414   Section        0  init_alloc.o(.text)
    .text                                    0x0000149e   Section        0  h1_alloc.o(.text)
    .text                                    0x000014fc   Section        0  fseek.o(.text)
    .text                                    0x000015f4   Section        0  stdio.o(.text)
    .text                                    0x000016e4   Section        0  defsig_exit.o(.text)
    .text                                    0x000016f0   Section        0  defsig_rtred_inner.o(.text)
    .text                                    0x00001724   Section        0  strlen.o(.text)
    .text                                    0x00001764   Section        0  sys_exit.o(.text)
    .text                                    0x00001770   Section        0  h1_init.o(.text)
    .text                                    0x0000177e   Section        0  h1_extend.o(.text)
    .text                                    0x000017b2   Section        0  ftell.o(.text)
    .text                                    0x000017f4   Section        0  defsig_general.o(.text)
    .text                                    0x00001826   Section        0  defsig_rtmem_outer.o(.text)
    .text                                    0x00001834   Section        0  sys_wrch.o(.text)
    .text                                    0x00001844   Section        8  rt_errno_addr_intlibspace.o(.text)
    .text                                    0x0000184c   Section        0  defsig_rtmem_inner.o(.text)
    CL$$btod_d2e                             0x0000189c   Section       62  btod.o(CL$$btod_d2e)
    CL$$btod_d2e_denorm_low                  0x000018da   Section       70  btod.o(CL$$btod_d2e_denorm_low)
    CL$$btod_d2e_norm_op1                    0x00001920   Section       96  btod.o(CL$$btod_d2e_norm_op1)
    CL$$btod_div_common                      0x00001980   Section      824  btod.o(CL$$btod_div_common)
    CL$$btod_e2e                             0x00001cb8   Section      220  btod.o(CL$$btod_e2e)
    CL$$btod_ediv                            0x00001d94   Section       42  btod.o(CL$$btod_ediv)
    CL$$btod_emul                            0x00001dbe   Section       42  btod.o(CL$$btod_emul)
    CL$$btod_mult_common                     0x00001de8   Section      580  btod.o(CL$$btod_mult_common)
    i.ADC0_IRQHandler                        0x0000202c   Section        0  camera.o(i.ADC0_IRQHandler)
    i.CAMERA_getLine                         0x00002040   Section        0  camera.o(i.CAMERA_getLine)
    i.CAMERA_setCapcnt                       0x00002048   Section        0  camera.o(i.CAMERA_setCapcnt)
    i.FTM2_IRQHandler                        0x00002054   Section        0  camera.o(i.FTM2_IRQHandler)
    i.PIT0_IRQHandler                        0x00002140   Section        0  camera.o(i.PIT0_IRQHandler)
    i.SERVO_SetServo                         0x00002180   Section        0  servo.o(i.SERVO_SetServo)
    i.SERVO_init                             0x00002220   Section        0  servo.o(i.SERVO_init)
    i.SystemInit                             0x00002280   Section        0  system_mk64f12.o(i.SystemInit)
    i.__ARM_fpclassify                       0x00002320   Section        0  fpclassify.o(i.__ARM_fpclassify)
    i.__NVIC_EnableIRQ                       0x00002350   Section        0  camera.o(i.__NVIC_EnableIRQ)
    __NVIC_EnableIRQ                         0x00002351   Thumb Code    26  camera.o(i.__NVIC_EnableIRQ)
    i.cameraAndServo                         0x0000236c   Section        0  main.o(i.cameraAndServo)
    i.camera_init                            0x000025d8   Section        0  camera.o(i.camera_init)
    i.fputc                                  0x000025f0   Section        0  fputc.o(i.fputc)
    i.init_ADC0                              0x0000260c   Section        0  camera.o(i.init_ADC0)
    i.init_FTM2                              0x000026c0   Section        0  camera.o(i.init_FTM2)
    i.init_GPIO                              0x00002748   Section        0  camera.o(i.init_GPIO)
    i.init_PIT                               0x00002788   Section        0  camera.o(i.init_PIT)
    i.main                                   0x000027f8   Section        0  main.o(i.main)
    i.uart_init                              0x000027fc   Section        0  uart.o(i.uart_init)
    i.uart_put                               0x00002894   Section        0  uart.o(i.uart_put)
    i.uart_putchar                           0x000028ac   Section        0  uart.o(i.uart_putchar)
    locale$$code                             0x000028c4   Section       44  lc_numeric_c.o(locale$$code)
    x$fpl$dadd                               0x000028f0   Section      336  daddsub_clz.o(x$fpl$dadd)
    $v0                                      0x000028f0   Number         0  daddsub_clz.o(x$fpl$dadd)
    _dadd1                                   0x00002901   Thumb Code     0  daddsub_clz.o(x$fpl$dadd)
    x$fpl$ddiv                               0x00002a40   Section      688  ddiv.o(x$fpl$ddiv)
    $v0                                      0x00002a40   Number         0  ddiv.o(x$fpl$ddiv)
    ddiv_entry                               0x00002a47   Thumb Code     0  ddiv.o(x$fpl$ddiv)
    x$fpl$dfixu                              0x00002cf0   Section       90  dfixu.o(x$fpl$dfixu)
    $v0                                      0x00002cf0   Number         0  dfixu.o(x$fpl$dfixu)
    x$fpl$dflt                               0x00002d4a   Section       46  dflt_clz.o(x$fpl$dflt)
    $v0                                      0x00002d4a   Number         0  dflt_clz.o(x$fpl$dflt)
    x$fpl$dmul                               0x00002d78   Section      340  dmul.o(x$fpl$dmul)
    $v0                                      0x00002d78   Number         0  dmul.o(x$fpl$dmul)
    x$fpl$dnaninf                            0x00002ecc   Section      156  dnaninf.o(x$fpl$dnaninf)
    $v0                                      0x00002ecc   Number         0  dnaninf.o(x$fpl$dnaninf)
    x$fpl$dretinf                            0x00002f68   Section       12  dretinf.o(x$fpl$dretinf)
    $v0                                      0x00002f68   Number         0  dretinf.o(x$fpl$dretinf)
    x$fpl$dsub                               0x00002f74   Section      468  daddsub_clz.o(x$fpl$dsub)
    $v0                                      0x00002f74   Number         0  daddsub_clz.o(x$fpl$dsub)
    _dsub1                                   0x00002f85   Thumb Code     0  daddsub_clz.o(x$fpl$dsub)
    x$fpl$fpinit                             0x00003148   Section       10  fpinit.o(x$fpl$fpinit)
    $v0                                      0x00003148   Number         0  fpinit.o(x$fpl$fpinit)
    x$fpl$printf1                            0x00003152   Section        4  printf1.o(x$fpl$printf1)
    $v0                                      0x00003152   Number         0  printf1.o(x$fpl$printf1)
    x$fpl$usenofp                            0x00003156   Section        0  usenofp.o(x$fpl$usenofp)
    .constdata                               0x00003158   Section      148  bigflt0.o(.constdata)
    tenpwrs_x                                0x00003158   Data          60  bigflt0.o(.constdata)
    tenpwrs_i                                0x00003194   Data          64  bigflt0.o(.constdata)
    .constdata                               0x000031ec   Section        4  sys_io.o(.constdata)
    .constdata                               0x000031f0   Section        4  sys_io.o(.constdata)
    .constdata                               0x000031f4   Section        4  sys_io.o(.constdata)
    locale$$data                             0x00003218   Section       28  lc_numeric_c.o(locale$$data)
    __lcnum_c_name                           0x0000321c   Data           2  lc_numeric_c.o(locale$$data)
    __lcnum_c_start                          0x00003224   Data           0  lc_numeric_c.o(locale$$data)
    __lcnum_c_point                          0x00003230   Data           0  lc_numeric_c.o(locale$$data)
    __lcnum_c_thousands                      0x00003232   Data           0  lc_numeric_c.o(locale$$data)
    __lcnum_c_grouping                       0x00003233   Data           0  lc_numeric_c.o(locale$$data)
    __lcnum_c_end                            0x00003234   Data           0  lc_numeric_c.o(locale$$data)
    .data                                    0x20000000   Section       18  camera.o(.data)
    .data                                    0x20000014   Section        4  stdio_streams.o(.data)
    .data                                    0x20000018   Section        4  stdio_streams.o(.data)
    .data                                    0x2000001c   Section        4  stdio_streams.o(.data)
    .bss                                     0x20000020   Section      356  camera.o(.bss)
    .bss                                     0x20000184   Section       84  stdio_streams.o(.bss)
    .bss                                     0x200001d8   Section       84  stdio_streams.o(.bss)
    .bss                                     0x2000022c   Section       84  stdio_streams.o(.bss)
    .bss                                     0x20000280   Section       96  libspace.o(.bss)
    HEAP                                     0x200002e0   Section        0  startup_mk64f12.o(HEAP)
    STACK                                    0x200002e0   Section     1024  startup_mk64f12.o(STACK)
    Heap_Mem                                 0x200002e0   Data           0  startup_mk64f12.o(HEAP)
    Stack_Mem                                0x200002e0   Data        1024  startup_mk64f12.o(STACK)
    __initial_sp                             0x200006e0   Data           0  startup_mk64f12.o(STACK)

    Global Symbols

    Symbol Name                              Value     Ov Type        Size  Object(Section)

    BuildAttributes$$THM_ISAv4$E$P$D$K$B$S$7EM$VFPi3$EXTD16$VFPS$VFMA$PE$A:L22UL41UL21$X:L11$S22US41US21$IEEE1$IW$USESV6$~STKCKD$USESV7$~SHL$OTIME$ROPI$IEEEJ$EBA8$UX$STANDARDLIB$REQ8$PRES8$EABIv2 0x00000000   Number         0  anon$$obj.o ABSOLUTE
    __ARM_use_no_argv                        0x00000000   Number         0  main.o ABSOLUTE
    __Vectors                                0x00000000   Data           4  startup_mk64f12.o(RESET)
    __ARM_exceptions_init                     - Undefined Weak Reference
    __alloca_initialize                       - Undefined Weak Reference
    __arm_preinit_                            - Undefined Weak Reference
    __cpp_initialize__aeabi_                  - Undefined Weak Reference
    __cxa_finalize                            - Undefined Weak Reference
    __sigvec_lookup                           - Undefined Weak Reference
    __user_heap_extent                        - Undefined Weak Reference
    _atexit_init                              - Undefined Weak Reference
    _call_atexit_fns                          - Undefined Weak Reference
    _clock_init                               - Undefined Weak Reference
    _fp_trap_init                             - Undefined Weak Reference
    _fp_trap_shutdown                         - Undefined Weak Reference
    _get_lc_collate                           - Undefined Weak Reference
    _get_lc_ctype                             - Undefined Weak Reference
    _get_lc_monetary                          - Undefined Weak Reference
    _get_lc_time                              - Undefined Weak Reference
    _getenv_init                              - Undefined Weak Reference
    _handle_redirection                       - Undefined Weak Reference
    _mutex_acquire                            - Undefined Weak Reference
    _mutex_free                               - Undefined Weak Reference
    _mutex_release                            - Undefined Weak Reference
    _printf_post_padding                      - Undefined Weak Reference
    _printf_pre_padding                       - Undefined Weak Reference
    _printf_truncate_signed                   - Undefined Weak Reference
    _printf_truncate_unsigned                 - Undefined Weak Reference
    _rand_init                                - Undefined Weak Reference
    _signal_finish                            - Undefined Weak Reference
    _signal_init                              - Undefined Weak Reference
    __Vectors_End                            0x00000400   Data           0  startup_mk64f12.o(RESET)
    __Vectors_Size                           0x00000400   Number         0  startup_mk64f12.o ABSOLUTE
    __main                                   0x00000411   Thumb Code     8  __main.o(!!!main)
    __scatterload                            0x00000419   Thumb Code     0  __scatter.o(!!!scatter)
    __scatterload_rt2                        0x00000419   Thumb Code    44  __scatter.o(!!!scatter)
    __scatterload_rt2_thumb_only             0x00000419   Thumb Code     0  __scatter.o(!!!scatter)
    __scatterload_null                       0x00000427   Thumb Code     0  __scatter.o(!!!scatter)
    __scatterload_copy                       0x0000044d   Thumb Code    26  __scatter_copy.o(!!handler_copy)
    __scatterload_zeroinit                   0x00000469   Thumb Code    28  __scatter_zi.o(!!handler_zi)
    _printf_f                                0x00000485   Thumb Code     0  _printf_f.o(.ARM.Collect$$_printf_percent$$00000003)
    _printf_percent                          0x00000485   Thumb Code     0  _printf_percent.o(.ARM.Collect$$_printf_percent$$00000000)
    _printf_d                                0x0000048b   Thumb Code     0  _printf_d.o(.ARM.Collect$$_printf_percent$$00000009)
    _printf_percent_end                      0x00000491   Thumb Code     0  _printf_percent_end.o(.ARM.Collect$$_printf_percent$$00000017)
    __rt_lib_init                            0x00000495   Thumb Code     0  libinit.o(.ARM.Collect$$libinit$$00000000)
    __rt_lib_init_fp_1                       0x00000497   Thumb Code     0  libinit2.o(.ARM.Collect$$libinit$$00000001)
    __rt_lib_init_heap_2                     0x0000049b   Thumb Code     0  libinit2.o(.ARM.Collect$$libinit$$00000005)
    __rt_lib_init_preinit_1                  0x0000049b   Thumb Code     0  libinit2.o(.ARM.Collect$$libinit$$00000004)
    __rt_lib_init_heap_1                     0x000004a3   Thumb Code     0  libinit2.o(.ARM.Collect$$libinit$$0000000A)
    __rt_lib_init_lc_common                  0x000004a3   Thumb Code     0  libinit2.o(.ARM.Collect$$libinit$$0000000F)
    __rt_lib_init_rand_1                     0x000004a3   Thumb Code     0  libinit2.o(.ARM.Collect$$libinit$$0000000E)
    __rt_lib_init_user_alloc_1               0x000004a3   Thumb Code     0  libinit2.o(.ARM.Collect$$libinit$$0000000C)
    __rt_lib_init_lc_collate_1               0x000004a9   Thumb Code     0  libinit2.o(.ARM.Collect$$libinit$$00000011)
    __rt_lib_init_lc_ctype_1                 0x000004a9   Thumb Code     0  libinit2.o(.ARM.Collect$$libinit$$00000013)
    __rt_lib_init_lc_monetary_1              0x000004a9   Thumb Code     0  libinit2.o(.ARM.Collect$$libinit$$00000015)
    __rt_lib_init_lc_numeric_2               0x000004a9   Thumb Code     0  libinit2.o(.ARM.Collect$$libinit$$00000016)
    __rt_lib_init_atexit_1                   0x000004b3   Thumb Code     0  libinit2.o(.ARM.Collect$$libinit$$0000001B)
    __rt_lib_init_clock_1                    0x000004b3   Thumb Code     0  libinit2.o(.ARM.Collect$$libinit$$00000021)
    __rt_lib_init_fp_trap_1                  0x000004b3   Thumb Code     0  libinit2.o(.ARM.Collect$$libinit$$0000001F)
    __rt_lib_init_getenv_1                   0x000004b3   Thumb Code     0  libinit2.o(.ARM.Collect$$libinit$$00000023)
    __rt_lib_init_lc_numeric_1               0x000004b3   Thumb Code     0  libinit2.o(.ARM.Collect$$libinit$$00000017)
    __rt_lib_init_lc_time_1                  0x000004b3   Thumb Code     0  libinit2.o(.ARM.Collect$$libinit$$00000019)
    __rt_lib_init_signal_1                   0x000004b3   Thumb Code     0  libinit2.o(.ARM.Collect$$libinit$$0000001D)
    __rt_lib_init_stdio_2                    0x000004b3   Thumb Code     0  libinit2.o(.ARM.Collect$$libinit$$00000024)
    __rt_lib_init_alloca_1                   0x000004b7   Thumb Code     0  libinit2.o(.ARM.Collect$$libinit$$0000002E)
    __rt_lib_init_argv_1                     0x000004b7   Thumb Code     0  libinit2.o(.ARM.Collect$$libinit$$0000002C)
    __rt_lib_init_cpp_1                      0x000004b7   Thumb Code     0  libinit2.o(.ARM.Collect$$libinit$$00000032)
    __rt_lib_init_exceptions_1               0x000004b7   Thumb Code     0  libinit2.o(.ARM.Collect$$libinit$$00000030)
    __rt_lib_init_return                     0x000004b7   Thumb Code     0  libinit2.o(.ARM.Collect$$libinit$$00000033)
    __rt_lib_init_stdio_1                    0x000004b7   Thumb Code     0  libinit2.o(.ARM.Collect$$libinit$$00000025)
    __rt_lib_shutdown                        0x000004b9   Thumb Code     0  libshutdown.o(.ARM.Collect$$libshutdown$$00000000)
    __rt_lib_shutdown_cpp_1                  0x000004bb   Thumb Code     0  libshutdown2.o(.ARM.Collect$$libshutdown$$00000002)
    __rt_lib_shutdown_stdio_2                0x000004bb   Thumb Code     0  libshutdown2.o(.ARM.Collect$$libshutdown$$00000003)
    __rt_lib_shutdown_fp_trap_1              0x000004bf   Thumb Code     0  libshutdown2.o(.ARM.Collect$$libshutdown$$00000007)
    __rt_lib_shutdown_heap_1                 0x000004bf   Thumb Code     0  libshutdown2.o(.ARM.Collect$$libshutdown$$0000000F)
    __rt_lib_shutdown_return                 0x000004bf   Thumb Code     0  libshutdown2.o(.ARM.Collect$$libshutdown$$00000010)
    __rt_lib_shutdown_signal_1               0x000004bf   Thumb Code     0  libshutdown2.o(.ARM.Collect$$libshutdown$$0000000A)
    __rt_lib_shutdown_stdio_1                0x000004bf   Thumb Code     0  libshutdown2.o(.ARM.Collect$$libshutdown$$00000004)
    __rt_lib_shutdown_user_alloc_1           0x000004bf   Thumb Code     0  libshutdown2.o(.ARM.Collect$$libshutdown$$0000000C)
    __rt_entry                               0x000004c1   Thumb Code     0  __rtentry.o(.ARM.Collect$$rtentry$$00000000)
    __rt_entry_presh_1                       0x000004c1   Thumb Code     0  __rtentry2.o(.ARM.Collect$$rtentry$$00000002)
    __rt_entry_sh                            0x000004c1   Thumb Code     0  __rtentry4.o(.ARM.Collect$$rtentry$$00000004)
    __rt_entry_li                            0x000004c7   Thumb Code     0  __rtentry2.o(.ARM.Collect$$rtentry$$0000000A)
    __rt_entry_postsh_1                      0x000004c7   Thumb Code     0  __rtentry2.o(.ARM.Collect$$rtentry$$00000009)
    __rt_entry_main                          0x000004cb   Thumb Code     0  __rtentry2.o(.ARM.Collect$$rtentry$$0000000D)
    __rt_entry_postli_1                      0x000004cb   Thumb Code     0  __rtentry2.o(.ARM.Collect$$rtentry$$0000000C)
    __rt_exit                                0x000004d3   Thumb Code     0  rtexit.o(.ARM.Collect$$rtexit$$00000000)
    __rt_exit_ls                             0x000004d5   Thumb Code     0  rtexit2.o(.ARM.Collect$$rtexit$$00000003)
    __rt_exit_prels_1                        0x000004d5   Thumb Code     0  rtexit2.o(.ARM.Collect$$rtexit$$00000002)
    __rt_exit_exit                           0x000004d9   Thumb Code     0  rtexit2.o(.ARM.Collect$$rtexit$$00000004)
    _maybe_terminate_alloc                   0x000004e1   Thumb Code     0  maybetermalloc1.o(.emb_text)
    init_data_bss                            0x000004e1   Thumb Code     2  startup_mk64f12.o(.text)
    Reset_Handler                            0x000004e3   Thumb Code    12  startup_mk64f12.o(.text)
    NMI_Handler                              0x000004ef   Thumb Code     2  startup_mk64f12.o(.text)
    HardFault_Handler                        0x000004f1   Thumb Code     2  startup_mk64f12.o(.text)
    MemManage_Handler                        0x000004f3   Thumb Code     2  startup_mk64f12.o(.text)
    BusFault_Handler                         0x000004f5   Thumb Code     2  startup_mk64f12.o(.text)
    UsageFault_Handler                       0x000004f7   Thumb Code     2  startup_mk64f12.o(.text)
    SVC_Handler                              0x000004f9   Thumb Code     2  startup_mk64f12.o(.text)
    DebugMon_Handler                         0x000004fb   Thumb Code     2  startup_mk64f12.o(.text)
    PendSV_Handler                           0x000004fd   Thumb Code     2  startup_mk64f12.o(.text)
    SysTick_Handler                          0x000004ff   Thumb Code     2  startup_mk64f12.o(.text)
    ADC1_IRQHandler                          0x00000501   Thumb Code     0  startup_mk64f12.o(.text)
    CAN0_Bus_Off_IRQHandler                  0x00000501   Thumb Code     0  startup_mk64f12.o(.text)
    CAN0_Error_IRQHandler                    0x00000501   Thumb Code     0  startup_mk64f12.o(.text)
    CAN0_ORed_Message_buffer_IRQHandler      0x00000501   Thumb Code     0  startup_mk64f12.o(.text)
    CAN0_Rx_Warning_IRQHandler               0x00000501   Thumb Code     0  startup_mk64f12.o(.text)
    CAN0_Tx_Warning_IRQHandler               0x00000501   Thumb Code     0  startup_mk64f12.o(.text)
    CAN0_Wake_Up_IRQHandler                  0x00000501   Thumb Code     0  startup_mk64f12.o(.text)
    CMP0_IRQHandler                          0x00000501   Thumb Code     0  startup_mk64f12.o(.text)
    CMP1_IRQHandler                          0x00000501   Thumb Code     0  startup_mk64f12.o(.text)
    CMP2_IRQHandler                          0x00000501   Thumb Code     0  startup_mk64f12.o(.text)
    CMT_IRQHandler                           0x00000501   Thumb Code     0  startup_mk64f12.o(.text)
    DAC0_IRQHandler                          0x00000501   Thumb Code     0  startup_mk64f12.o(.text)
    DAC1_IRQHandler                          0x00000501   Thumb Code     0  startup_mk64f12.o(.text)
    DMA0_IRQHandler                          0x00000501   Thumb Code     0  startup_mk64f12.o(.text)
    DMA10_IRQHandler                         0x00000501   Thumb Code     0  startup_mk64f12.o(.text)
    DMA11_IRQHandler                         0x00000501   Thumb Code     0  startup_mk64f12.o(.text)
    DMA12_IRQHandler                         0x00000501   Thumb Code     0  startup_mk64f12.o(.text)
    DMA13_IRQHandler                         0x00000501   Thumb Code     0  startup_mk64f12.o(.text)
    DMA14_IRQHandler                         0x00000501   Thumb Code     0  startup_mk64f12.o(.text)
    DMA15_IRQHandler                         0x00000501   Thumb Code     0  startup_mk64f12.o(.text)
    DMA1_IRQHandler                          0x00000501   Thumb Code     0  startup_mk64f12.o(.text)
    DMA2_IRQHandler                          0x00000501   Thumb Code     0  startup_mk64f12.o(.text)
    DMA3_IRQHandler                          0x00000501   Thumb Code     0  startup_mk64f12.o(.text)
    DMA4_IRQHandler                          0x00000501   Thumb Code     0  startup_mk64f12.o(.text)
    DMA5_IRQHandler                          0x00000501   Thumb Code     0  startup_mk64f12.o(.text)
    DMA6_IRQHandler                          0x00000501   Thumb Code     0  startup_mk64f12.o(.text)
    DMA7_IRQHandler                          0x00000501   Thumb Code     0  startup_mk64f12.o(.text)
    DMA8_IRQHandler                          0x00000501   Thumb Code     0  startup_mk64f12.o(.text)
    DMA9_IRQHandler                          0x00000501   Thumb Code     0  startup_mk64f12.o(.text)
    DMA_Error_IRQHandler                     0x00000501   Thumb Code     0  startup_mk64f12.o(.text)
    DefaultISR                               0x00000501   Thumb Code     0  startup_mk64f12.o(.text)
    ENET_1588_Timer_IRQHandler               0x00000501   Thumb Code     0  startup_mk64f12.o(.text)
    ENET_Error_IRQHandler                    0x00000501   Thumb Code     0  startup_mk64f12.o(.text)
    ENET_Receive_IRQHandler                  0x00000501   Thumb Code     0  startup_mk64f12.o(.text)
    ENET_Transmit_IRQHandler                 0x00000501   Thumb Code     0  startup_mk64f12.o(.text)
    FTFE_IRQHandler                          0x00000501   Thumb Code     0  startup_mk64f12.o(.text)
    FTM0_IRQHandler                          0x00000501   Thumb Code     0  startup_mk64f12.o(.text)
    FTM1_IRQHandler                          0x00000501   Thumb Code     0  startup_mk64f12.o(.text)
    FTM3_IRQHandler                          0x00000501   Thumb Code     0  startup_mk64f12.o(.text)
    I2C0_IRQHandler                          0x00000501   Thumb Code     0  startup_mk64f12.o(.text)
    I2C1_IRQHandler                          0x00000501   Thumb Code     0  startup_mk64f12.o(.text)
    I2C2_IRQHandler                          0x00000501   Thumb Code     0  startup_mk64f12.o(.text)
    I2S0_Rx_IRQHandler                       0x00000501   Thumb Code     0  startup_mk64f12.o(.text)
    I2S0_Tx_IRQHandler                       0x00000501   Thumb Code     0  startup_mk64f12.o(.text)
    LLW_IRQHandler                           0x00000501   Thumb Code     0  startup_mk64f12.o(.text)
    LPTimer_IRQHandler                       0x00000501   Thumb Code     0  startup_mk64f12.o(.text)
    LVD_LVW_IRQHandler                       0x00000501   Thumb Code     0  startup_mk64f12.o(.text)
    MCG_IRQHandler                           0x00000501   Thumb Code     0  startup_mk64f12.o(.text)
    MCM_IRQHandler                           0x00000501   Thumb Code     0  startup_mk64f12.o(.text)
    PDB0_IRQHandler                          0x00000501   Thumb Code     0  startup_mk64f12.o(.text)
    PIT1_IRQHandler                          0x00000501   Thumb Code     0  startup_mk64f12.o(.text)
    PIT2_IRQHandler                          0x00000501   Thumb Code     0  startup_mk64f12.o(.text)
    PIT3_IRQHandler                          0x00000501   Thumb Code     0  startup_mk64f12.o(.text)
    PORTA_IRQHandler                         0x00000501   Thumb Code     0  startup_mk64f12.o(.text)
    PORTB_IRQHandler                         0x00000501   Thumb Code     0  startup_mk64f12.o(.text)
    PORTC_IRQHandler                         0x00000501   Thumb Code     0  startup_mk64f12.o(.text)
    PORTD_IRQHandler                         0x00000501   Thumb Code     0  startup_mk64f12.o(.text)
    PORTE_IRQHandler                         0x00000501   Thumb Code     0  startup_mk64f12.o(.text)
    RNG_IRQHandler                           0x00000501   Thumb Code     0  startup_mk64f12.o(.text)
    RTC_IRQHandler                           0x00000501   Thumb Code     0  startup_mk64f12.o(.text)
    RTC_Seconds_IRQHandler                   0x00000501   Thumb Code     0  startup_mk64f12.o(.text)
    Read_Collision_IRQHandler                0x00000501   Thumb Code     0  startup_mk64f12.o(.text)
    Reserved71_IRQHandler                    0x00000501   Thumb Code     0  startup_mk64f12.o(.text)
    SDHC_IRQHandler                          0x00000501   Thumb Code     0  startup_mk64f12.o(.text)
    SPI0_IRQHandler                          0x00000501   Thumb Code     0  startup_mk64f12.o(.text)
    SPI1_IRQHandler                          0x00000501   Thumb Code     0  startup_mk64f12.o(.text)
    SPI2_IRQHandler                          0x00000501   Thumb Code     0  startup_mk64f12.o(.text)
    SWI_IRQHandler                           0x00000501   Thumb Code     0  startup_mk64f12.o(.text)
    UART0_ERR_IRQHandler                     0x00000501   Thumb Code     0  startup_mk64f12.o(.text)
    UART0_LON_IRQHandler                     0x00000501   Thumb Code     0  startup_mk64f12.o(.text)
    UART0_RX_TX_IRQHandler                   0x00000501   Thumb Code     0  startup_mk64f12.o(.text)
    UART1_ERR_IRQHandler                     0x00000501   Thumb Code     0  startup_mk64f12.o(.text)
    UART1_RX_TX_IRQHandler                   0x00000501   Thumb Code     0  startup_mk64f12.o(.text)
    UART2_ERR_IRQHandler                     0x00000501   Thumb Code     0  startup_mk64f12.o(.text)
    UART2_RX_TX_IRQHandler                   0x00000501   Thumb Code     0  startup_mk64f12.o(.text)
    UART3_ERR_IRQHandler                     0x00000501   Thumb Code     0  startup_mk64f12.o(.text)
    UART3_RX_TX_IRQHandler                   0x00000501   Thumb Code     0  startup_mk64f12.o(.text)
    UART4_ERR_IRQHandler                     0x00000501   Thumb Code     0  startup_mk64f12.o(.text)
    UART4_RX_TX_IRQHandler                   0x00000501   Thumb Code     0  startup_mk64f12.o(.text)
    UART5_ERR_IRQHandler                     0x00000501   Thumb Code     0  startup_mk64f12.o(.text)
    UART5_RX_TX_IRQHandler                   0x00000501   Thumb Code     0  startup_mk64f12.o(.text)
    USB0_IRQHandler                          0x00000501   Thumb Code     0  startup_mk64f12.o(.text)
    USBDCD_IRQHandler                        0x00000501   Thumb Code     0  startup_mk64f12.o(.text)
    Watchdog_IRQHandler                      0x00000501   Thumb Code     0  startup_mk64f12.o(.text)
    __user_initial_stackheap                 0x00000505   Thumb Code     0  startup_mk64f12.o(.text)
    __2printf                                0x00000529   Thumb Code    20  noretval__2printf.o(.text)
    __2sprintf                               0x00000541   Thumb Code    34  noretval__2sprintf.o(.text)
    __printf                                 0x00000569   Thumb Code   104  __printf.o(.text)
    _printf_int_dec                          0x000005d1   Thumb Code   104  _printf_dec.o(.text)
    __use_two_region_memory                  0x00000649   Thumb Code     2  heapauxi.o(.text)
    __rt_heap_escrow                         0x0000064b   Thumb Code     2  heapauxi.o(.text)
    __rt_heap_expand                         0x0000064d   Thumb Code     2  heapauxi.o(.text)
    _printf_int_common                       0x0000064f   Thumb Code   178  _printf_intcommon.o(.text)
    __lib_sel_fp_printf                      0x00000701   Thumb Code     2  _printf_fp_dec.o(.text)
    _printf_fp_dec_real                      0x000008b3   Thumb Code   620  _printf_fp_dec.o(.text)
    _printf_char_common                      0x00000b2b   Thumb Code    32  _printf_char_common.o(.text)
    _sputc                                   0x00000b51   Thumb Code    10  _sputc.o(.text)
    _printf_char_file                        0x00000b5d   Thumb Code    32  _printf_char_file.o(.text)
    __rt_locale                              0x00000b81   Thumb Code     8  rt_locale_intlibspace.o(.text)
    _ll_udiv10                               0x00000b89   Thumb Code   138  lludiv10.o(.text)
    _printf_fp_infnan                        0x00000c15   Thumb Code   112  _printf_fp_infnan.o(.text)
    _btod_etento                             0x00000c95   Thumb Code   224  bigflt0.o(.text)
    ferror                                   0x00000d79   Thumb Code     8  ferror.o(.text)
    _initio                                  0x00000d81   Thumb Code   210  initio.o(.text)
    _terminateio                             0x00000e53   Thumb Code    56  initio.o(.text)
    _sys_open                                0x00000eb9   Thumb Code    20  sys_io.o(.text)
    _sys_close                               0x00000ecd   Thumb Code    12  sys_io.o(.text)
    _sys_write                               0x00000ed9   Thumb Code    16  sys_io.o(.text)
    _sys_read                                0x00000ee9   Thumb Code    14  sys_io.o(.text)
    _sys_istty                               0x00000ef7   Thumb Code    12  sys_io.o(.text)
    _sys_seek                                0x00000f03   Thumb Code    14  sys_io.o(.text)
    _sys_ensure                              0x00000f11   Thumb Code     2  sys_io.o(.text)
    _sys_flen                                0x00000f13   Thumb Code    12  sys_io.o(.text)
    __user_libspace                          0x00000f21   Thumb Code     8  libspace.o(.text)
    __user_perproc_libspace                  0x00000f21   Thumb Code     0  libspace.o(.text)
    __user_perthread_libspace                0x00000f21   Thumb Code     0  libspace.o(.text)
    __user_setup_stackheap                   0x00000f29   Thumb Code    74  sys_stackheap_outer.o(.text)
    free                                     0x00000f73   Thumb Code    78  h1_free.o(.text)
    __flsbuf                                 0x00000fc1   Thumb Code   470  flsbuf.o(.text)
    __flsbuf_byte                            0x00000fc1   Thumb Code     0  flsbuf.o(.text)
    __flsbuf_wide                            0x00000fc1   Thumb Code     0  flsbuf.o(.text)
    setvbuf                                  0x00001197   Thumb Code    70  setvbuf.o(.text)
    freopen                                  0x000011dd   Thumb Code   158  fopen.o(.text)
    fopen                                    0x0000127b   Thumb Code    74  fopen.o(.text)
    _fclose_internal                         0x000012c9   Thumb Code    76  fclose.o(.text)
    fclose                                   0x000012c9   Thumb Code     0  fclose.o(.text)
    exit                                     0x00001315   Thumb Code    18  exit.o(.text)
    __rt_SIGRTRED                            0x00001327   Thumb Code    14  defsig_rtred_outer.o(.text)
    __aeabi_memclr4                          0x00001335   Thumb Code     0  rt_memclr_w.o(.text)
    __aeabi_memclr8                          0x00001335   Thumb Code     0  rt_memclr_w.o(.text)
    __rt_memclr_w                            0x00001335   Thumb Code    78  rt_memclr_w.o(.text)
    _memset_w                                0x00001339   Thumb Code     0  rt_memclr_w.o(.text)
    strcmp                                   0x00001385   Thumb Code   128  strcmpv7m.o(.text)
    __I$use$semihosting                      0x00001405   Thumb Code     0  use_no_semi.o(.text)
    __use_no_semihosting_swi                 0x00001405   Thumb Code     2  use_no_semi.o(.text)
    __semihosting_library_function           0x00001407   Thumb Code     0  indicate_semi.o(.text)
    __rt_heap_descriptor                     0x00001409   Thumb Code     8  rt_heap_descriptor_intlibspace.o(.text)
    __use_no_heap                            0x00001411   Thumb Code     2  hguard.o(.text)
    __heap$guard                             0x00001413   Thumb Code     2  hguard.o(.text)
    _terminate_user_alloc                    0x00001415   Thumb Code     2  init_alloc.o(.text)
    _init_user_alloc                         0x00001417   Thumb Code     2  init_alloc.o(.text)
    __Heap_Full                              0x00001419   Thumb Code    34  init_alloc.o(.text)
    __Heap_Broken                            0x0000143b   Thumb Code     6  init_alloc.o(.text)
    _init_alloc                              0x00001441   Thumb Code    94  init_alloc.o(.text)
    malloc                                   0x0000149f   Thumb Code    94  h1_alloc.o(.text)
    _fseek                                   0x000014fd   Thumb Code   242  fseek.o(.text)
    fseek                                    0x000014fd   Thumb Code     0  fseek.o(.text)
    _seterr                                  0x000015f5   Thumb Code    20  stdio.o(.text)
    _writebuf                                0x00001609   Thumb Code    84  stdio.o(.text)
    _fflush                                  0x0000165d   Thumb Code    70  stdio.o(.text)
    _deferredlazyseek                        0x000016a3   Thumb Code    60  stdio.o(.text)
    __sig_exit                               0x000016e5   Thumb Code    10  defsig_exit.o(.text)
    __rt_SIGRTRED_inner                      0x000016f1   Thumb Code    14  defsig_rtred_inner.o(.text)
    strlen                                   0x00001725   Thumb Code    62  strlen.o(.text)
    _sys_exit                                0x00001765   Thumb Code     8  sys_exit.o(.text)
    __Heap_Initialize                        0x00001771   Thumb Code    10  h1_init.o(.text)
    __Heap_DescSize                          0x0000177b   Thumb Code     4  h1_init.o(.text)
    __Heap_ProvideMemory                     0x0000177f   Thumb Code    52  h1_extend.o(.text)
    _ftell_internal                          0x000017b3   Thumb Code    66  ftell.o(.text)
    ftell                                    0x000017b3   Thumb Code     0  ftell.o(.text)
    __default_signal_display                 0x000017f5   Thumb Code    50  defsig_general.o(.text)
    __rt_SIGRTMEM                            0x00001827   Thumb Code    14  defsig_rtmem_outer.o(.text)
    _ttywrch                                 0x00001835   Thumb Code    14  sys_wrch.o(.text)
    __aeabi_errno_addr                       0x00001845   Thumb Code     8  rt_errno_addr_intlibspace.o(.text)
    __errno$intlibspace                      0x00001845   Thumb Code     0  rt_errno_addr_intlibspace.o(.text)
    __rt_errno_addr$intlibspace              0x00001845   Thumb Code     0  rt_errno_addr_intlibspace.o(.text)
    __rt_SIGRTMEM_inner                      0x0000184d   Thumb Code    22  defsig_rtmem_inner.o(.text)
    _btod_d2e                                0x0000189d   Thumb Code    62  btod.o(CL$$btod_d2e)
    _d2e_denorm_low                          0x000018db   Thumb Code    70  btod.o(CL$$btod_d2e_denorm_low)
    _d2e_norm_op1                            0x00001921   Thumb Code    96  btod.o(CL$$btod_d2e_norm_op1)
    __btod_div_common                        0x00001981   Thumb Code   696  btod.o(CL$$btod_div_common)
    _e2e                                     0x00001cb9   Thumb Code   220  btod.o(CL$$btod_e2e)
    _btod_ediv                               0x00001d95   Thumb Code    42  btod.o(CL$$btod_ediv)
    _btod_emul                               0x00001dbf   Thumb Code    42  btod.o(CL$$btod_emul)
    __btod_mult_common                       0x00001de9   Thumb Code   580  btod.o(CL$$btod_mult_common)
    ADC0_IRQHandler                          0x0000202d   Thumb Code    10  camera.o(i.ADC0_IRQHandler)
    CAMERA_getLine                           0x00002041   Thumb Code     4  camera.o(i.CAMERA_getLine)
    CAMERA_setCapcnt                         0x00002049   Thumb Code     6  camera.o(i.CAMERA_setCapcnt)
    FTM2_IRQHandler                          0x00002055   Thumb Code   208  camera.o(i.FTM2_IRQHandler)
    PIT0_IRQHandler                          0x00002141   Thumb Code    46  camera.o(i.PIT0_IRQHandler)
    SERVO_SetServo                           0x00002181   Thumb Code   100  servo.o(i.SERVO_SetServo)
    SERVO_init                               0x00002221   Thumb Code    84  servo.o(i.SERVO_init)
    SystemInit                               0x00002281   Thumb Code   136  system_mk64f12.o(i.SystemInit)
    __ARM_fpclassify                         0x00002321   Thumb Code    48  fpclassify.o(i.__ARM_fpclassify)
    cameraAndServo                           0x0000236d   Thumb Code   396  main.o(i.cameraAndServo)
    camera_init                              0x000025d9   Thumb Code    24  camera.o(i.camera_init)
    fputc                                    0x000025f1   Thumb Code    26  fputc.o(i.fputc)
    init_ADC0                                0x0000260d   Thumb Code   172  camera.o(i.init_ADC0)
    init_FTM2                                0x000026c1   Thumb Code   126  camera.o(i.init_FTM2)
    init_GPIO                                0x00002749   Thumb Code    48  camera.o(i.init_GPIO)
    init_PIT                                 0x00002789   Thumb Code    94  camera.o(i.init_PIT)
    main                                     0x000027f9   Thumb Code     4  main.o(i.main)
    uart_init                                0x000027fd   Thumb Code   138  uart.o(i.uart_init)
    uart_put                                 0x00002895   Thumb Code    22  uart.o(i.uart_put)
    uart_putchar                             0x000028ad   Thumb Code    20  uart.o(i.uart_putchar)
    _get_lc_numeric                          0x000028c5   Thumb Code    44  lc_numeric_c.o(locale$$code)
    __aeabi_dadd                             0x000028f1   Thumb Code     0  daddsub_clz.o(x$fpl$dadd)
    _dadd                                    0x000028f1   Thumb Code   332  daddsub_clz.o(x$fpl$dadd)
    __aeabi_ddiv                             0x00002a41   Thumb Code     0  ddiv.o(x$fpl$ddiv)
    _ddiv                                    0x00002a41   Thumb Code   552  ddiv.o(x$fpl$ddiv)
    __aeabi_d2uiz                            0x00002cf1   Thumb Code     0  dfixu.o(x$fpl$dfixu)
    _dfixu                                   0x00002cf1   Thumb Code    90  dfixu.o(x$fpl$dfixu)
    __aeabi_i2d                              0x00002d4b   Thumb Code     0  dflt_clz.o(x$fpl$dflt)
    _dflt                                    0x00002d4b   Thumb Code    46  dflt_clz.o(x$fpl$dflt)
    __aeabi_dmul                             0x00002d79   Thumb Code     0  dmul.o(x$fpl$dmul)
    _dmul                                    0x00002d79   Thumb Code   332  dmul.o(x$fpl$dmul)
    __fpl_dnaninf                            0x00002ecd   Thumb Code   156  dnaninf.o(x$fpl$dnaninf)
    __fpl_dretinf                            0x00002f69   Thumb Code    12  dretinf.o(x$fpl$dretinf)
    __aeabi_dsub                             0x00002f75   Thumb Code     0  daddsub_clz.o(x$fpl$dsub)
    _dsub                                    0x00002f75   Thumb Code   464  daddsub_clz.o(x$fpl$dsub)
    _fp_init                                 0x00003149   Thumb Code    10  fpinit.o(x$fpl$fpinit)
    __fplib_config_fpu_vfp                   0x00003151   Thumb Code     0  fpinit.o(x$fpl$fpinit)
    __fplib_config_pureend_doubles           0x00003151   Thumb Code     0  fpinit.o(x$fpl$fpinit)
    _printf_fp_dec                           0x00003153   Thumb Code     4  printf1.o(x$fpl$printf1)
    __I$use$fp                               0x00003156   Number         0  usenofp.o(x$fpl$usenofp)
    __stdin_name                             0x000031ec   Data           4  sys_io.o(.constdata)
    __stdout_name                            0x000031f0   Data           4  sys_io.o(.constdata)
    __stderr_name                            0x000031f4   Data           4  sys_io.o(.constdata)
    Region$$Table$$Base                      0x000031f8   Number         0  anon$$obj.o(Region$$Table)
    Region$$Table$$Limit                     0x00003218   Number         0  anon$$obj.o(Region$$Table)
    pixcnt                                   0x20000000   Data           4  camera.o(.data)
    clkval                                   0x20000004   Data           4  camera.o(.data)
    debugcamdata                             0x20000008   Data           4  camera.o(.data)
    capcnt                                   0x2000000c   Data           4  camera.o(.data)
    ADC0VAL                                  0x20000010   Data           2  camera.o(.data)
    __aeabi_stdin                            0x20000014   Data           4  stdio_streams.o(.data)
    __aeabi_stdout                           0x20000018   Data           4  stdio_streams.o(.data)
    __aeabi_stderr                           0x2000001c   Data           4  stdio_streams.o(.data)
    line                                     0x20000020   Data         256  camera.o(.bss)
    str                                      0x20000120   Data         100  camera.o(.bss)
    __stdin                                  0x20000184   Data          84  stdio_streams.o(.bss)
    __stdout                                 0x200001d8   Data          84  stdio_streams.o(.bss)
    __stderr                                 0x2000022c   Data          84  stdio_streams.o(.bss)
    __libspace_start                         0x20000280   Data          96  libspace.o(.bss)
    __temporary_stack_top$libspace           0x200002e0   Data           0  libspace.o(.bss)



==============================================================================

Memory Map of the image

  Image Entry point : 0x00000411

  Load Region LR_IROM1 (Base: 0x00000000, Size: 0x00003254, Max: 0x00100000, ABSOLUTE)

    Execution Region ER_IROM1 (Exec base: 0x00000000, Load base: 0x00000000, Size: 0x00003234, Max: 0x00100000, ABSOLUTE)

    Exec Addr    Load Addr    Size         Type   Attr      Idx    E Section Name        Object

    0x00000000   0x00000000   0x00000400   Data   RO          365    RESET               startup_mk64f12.o
    0x00000400   0x00000400   0x00000010   Code   RO          366    .ARM.__at_0x400     startup_mk64f12.o
    0x00000410   0x00000410   0x00000008   Code   RO          455  * !!!main             c_w.l(__main.o)
    0x00000418   0x00000418   0x00000034   Code   RO          888    !!!scatter          c_w.l(__scatter.o)
    0x0000044c   0x0000044c   0x0000001a   Code   RO          890    !!handler_copy      c_w.l(__scatter_copy.o)
    0x00000466   0x00000466   0x00000002   PAD
    0x00000468   0x00000468   0x0000001c   Code   RO          892    !!handler_zi        c_w.l(__scatter_zi.o)
    0x00000484   0x00000484   0x00000000   Code   RO          452    .ARM.Collect$$_printf_percent$$00000000  c_w.l(_printf_percent.o)
    0x00000484   0x00000484   0x00000006   Code   RO          451    .ARM.Collect$$_printf_percent$$00000003  c_w.l(_printf_f.o)
    0x0000048a   0x0000048a   0x00000006   Code   RO          450    .ARM.Collect$$_printf_percent$$00000009  c_w.l(_printf_d.o)
    0x00000490   0x00000490   0x00000004   Code   RO          496    .ARM.Collect$$_printf_percent$$00000017  c_w.l(_printf_percent_end.o)
    0x00000494   0x00000494   0x00000002   Code   RO          678    .ARM.Collect$$libinit$$00000000  c_w.l(libinit.o)
    0x00000496   0x00000496   0x00000004   Code   RO          679    .ARM.Collect$$libinit$$00000001  c_w.l(libinit2.o)
    0x0000049a   0x0000049a   0x00000000   Code   RO          682    .ARM.Collect$$libinit$$00000004  c_w.l(libinit2.o)
    0x0000049a   0x0000049a   0x00000008   Code   RO          683    .ARM.Collect$$libinit$$00000005  c_w.l(libinit2.o)
    0x000004a2   0x000004a2   0x00000000   Code   RO          685    .ARM.Collect$$libinit$$0000000A  c_w.l(libinit2.o)
    0x000004a2   0x000004a2   0x00000000   Code   RO          687    .ARM.Collect$$libinit$$0000000C  c_w.l(libinit2.o)
    0x000004a2   0x000004a2   0x00000000   Code   RO          689    .ARM.Collect$$libinit$$0000000E  c_w.l(libinit2.o)
    0x000004a2   0x000004a2   0x00000006   Code   RO          690    .ARM.Collect$$libinit$$0000000F  c_w.l(libinit2.o)
    0x000004a8   0x000004a8   0x00000000   Code   RO          692    .ARM.Collect$$libinit$$00000011  c_w.l(libinit2.o)
    0x000004a8   0x000004a8   0x00000000   Code   RO          694    .ARM.Collect$$libinit$$00000013  c_w.l(libinit2.o)
    0x000004a8   0x000004a8   0x00000000   Code   RO          696    .ARM.Collect$$libinit$$00000015  c_w.l(libinit2.o)
    0x000004a8   0x000004a8   0x0000000a   Code   RO          697    .ARM.Collect$$libinit$$00000016  c_w.l(libinit2.o)
    0x000004b2   0x000004b2   0x00000000   Code   RO          698    .ARM.Collect$$libinit$$00000017  c_w.l(libinit2.o)
    0x000004b2   0x000004b2   0x00000000   Code   RO          700    .ARM.Collect$$libinit$$00000019  c_w.l(libinit2.o)
    0x000004b2   0x000004b2   0x00000000   Code   RO          702    .ARM.Collect$$libinit$$0000001B  c_w.l(libinit2.o)
    0x000004b2   0x000004b2   0x00000000   Code   RO          704    .ARM.Collect$$libinit$$0000001D  c_w.l(libinit2.o)
    0x000004b2   0x000004b2   0x00000000   Code   RO          706    .ARM.Collect$$libinit$$0000001F  c_w.l(libinit2.o)
    0x000004b2   0x000004b2   0x00000000   Code   RO          708    .ARM.Collect$$libinit$$00000021  c_w.l(libinit2.o)
    0x000004b2   0x000004b2   0x00000000   Code   RO          710    .ARM.Collect$$libinit$$00000023  c_w.l(libinit2.o)
    0x000004b2   0x000004b2   0x00000004   Code   RO          711    .ARM.Collect$$libinit$$00000024  c_w.l(libinit2.o)
    0x000004b6   0x000004b6   0x00000000   Code   RO          712    .ARM.Collect$$libinit$$00000025  c_w.l(libinit2.o)
    0x000004b6   0x000004b6   0x00000000   Code   RO          716    .ARM.Collect$$libinit$$0000002C  c_w.l(libinit2.o)
    0x000004b6   0x000004b6   0x00000000   Code   RO          718    .ARM.Collect$$libinit$$0000002E  c_w.l(libinit2.o)
    0x000004b6   0x000004b6   0x00000000   Code   RO          720    .ARM.Collect$$libinit$$00000030  c_w.l(libinit2.o)
    0x000004b6   0x000004b6   0x00000000   Code   RO          722    .ARM.Collect$$libinit$$00000032  c_w.l(libinit2.o)
    0x000004b6   0x000004b6   0x00000002   Code   RO          723    .ARM.Collect$$libinit$$00000033  c_w.l(libinit2.o)
    0x000004b8   0x000004b8   0x00000002   Code   RO          867    .ARM.Collect$$libshutdown$$00000000  c_w.l(libshutdown.o)
    0x000004ba   0x000004ba   0x00000000   Code   RO          725    .ARM.Collect$$libshutdown$$00000002  c_w.l(libshutdown2.o)
    0x000004ba   0x000004ba   0x00000004   Code   RO          726    .ARM.Collect$$libshutdown$$00000003  c_w.l(libshutdown2.o)
    0x000004be   0x000004be   0x00000000   Code   RO          727    .ARM.Collect$$libshutdown$$00000004  c_w.l(libshutdown2.o)
    0x000004be   0x000004be   0x00000000   Code   RO          730    .ARM.Collect$$libshutdown$$00000007  c_w.l(libshutdown2.o)
    0x000004be   0x000004be   0x00000000   Code   RO          733    .ARM.Collect$$libshutdown$$0000000A  c_w.l(libshutdown2.o)
    0x000004be   0x000004be   0x00000000   Code   RO          735    .ARM.Collect$$libshutdown$$0000000C  c_w.l(libshutdown2.o)
    0x000004be   0x000004be   0x00000000   Code   RO          738    .ARM.Collect$$libshutdown$$0000000F  c_w.l(libshutdown2.o)
    0x000004be   0x000004be   0x00000002   Code   RO          739    .ARM.Collect$$libshutdown$$00000010  c_w.l(libshutdown2.o)
    0x000004c0   0x000004c0   0x00000000   Code   RO          485    .ARM.Collect$$rtentry$$00000000  c_w.l(__rtentry.o)
    0x000004c0   0x000004c0   0x00000000   Code   RO          511    .ARM.Collect$$rtentry$$00000002  c_w.l(__rtentry2.o)
    0x000004c0   0x000004c0   0x00000006   Code   RO          523    .ARM.Collect$$rtentry$$00000004  c_w.l(__rtentry4.o)
    0x000004c6   0x000004c6   0x00000000   Code   RO          513    .ARM.Collect$$rtentry$$00000009  c_w.l(__rtentry2.o)
    0x000004c6   0x000004c6   0x00000004   Code   RO          514    .ARM.Collect$$rtentry$$0000000A  c_w.l(__rtentry2.o)
    0x000004ca   0x000004ca   0x00000000   Code   RO          516    .ARM.Collect$$rtentry$$0000000C  c_w.l(__rtentry2.o)
    0x000004ca   0x000004ca   0x00000008   Code   RO          517    .ARM.Collect$$rtentry$$0000000D  c_w.l(__rtentry2.o)
    0x000004d2   0x000004d2   0x00000002   Code   RO          745    .ARM.Collect$$rtexit$$00000000  c_w.l(rtexit.o)
    0x000004d4   0x000004d4   0x00000000   Code   RO          803    .ARM.Collect$$rtexit$$00000002  c_w.l(rtexit2.o)
    0x000004d4   0x000004d4   0x00000004   Code   RO          804    .ARM.Collect$$rtexit$$00000003  c_w.l(rtexit2.o)
    0x000004d8   0x000004d8   0x00000006   Code   RO          805    .ARM.Collect$$rtexit$$00000004  c_w.l(rtexit2.o)
    0x000004de   0x000004de   0x00000002   PAD
    0x000004e0   0x000004e0   0x00000000   Code   RO          809    .emb_text           c_w.l(maybetermalloc1.o)
    0x000004e0   0x000004e0   0x00000048   Code   RO          367    .text               startup_mk64f12.o
    0x00000528   0x00000528   0x00000018   Code   RO          422    .text               c_w.l(noretval__2printf.o)
    0x00000540   0x00000540   0x00000028   Code   RO          424    .text               c_w.l(noretval__2sprintf.o)
    0x00000568   0x00000568   0x00000068   Code   RO          426    .text               c_w.l(__printf.o)
    0x000005d0   0x000005d0   0x00000078   Code   RO          428    .text               c_w.l(_printf_dec.o)
    0x00000648   0x00000648   0x00000006   Code   RO          453    .text               c_w.l(heapauxi.o)
    0x0000064e   0x0000064e   0x000000b2   Code   RO          486    .text               c_w.l(_printf_intcommon.o)
    0x00000700   0x00000700   0x0000041e   Code   RO          488    .text               c_w.l(_printf_fp_dec.o)
    0x00000b1e   0x00000b1e   0x00000002   PAD
    0x00000b20   0x00000b20   0x00000030   Code   RO          490    .text               c_w.l(_printf_char_common.o)
    0x00000b50   0x00000b50   0x0000000a   Code   RO          492    .text               c_w.l(_sputc.o)
    0x00000b5a   0x00000b5a   0x00000002   PAD
    0x00000b5c   0x00000b5c   0x00000024   Code   RO          494    .text               c_w.l(_printf_char_file.o)
    0x00000b80   0x00000b80   0x00000008   Code   RO          528    .text               c_w.l(rt_locale_intlibspace.o)
    0x00000b88   0x00000b88   0x0000008a   Code   RO          530    .text               c_w.l(lludiv10.o)
    0x00000c12   0x00000c12   0x00000002   PAD
    0x00000c14   0x00000c14   0x00000080   Code   RO          532    .text               c_w.l(_printf_fp_infnan.o)
    0x00000c94   0x00000c94   0x000000e4   Code   RO          536    .text               c_w.l(bigflt0.o)
    0x00000d78   0x00000d78   0x00000008   Code   RO          561    .text               c_w.l(ferror.o)
    0x00000d80   0x00000d80   0x00000138   Code   RO          567    .text               c_w.l(initio.o)
    0x00000eb8   0x00000eb8   0x00000066   Code   RO          582    .text               c_w.l(sys_io.o)
    0x00000f1e   0x00000f1e   0x00000002   PAD
    0x00000f20   0x00000f20   0x00000008   Code   RO          587    .text               c_w.l(libspace.o)
    0x00000f28   0x00000f28   0x0000004a   Code   RO          592    .text               c_w.l(sys_stackheap_outer.o)
    0x00000f72   0x00000f72   0x0000004e   Code   RO          596    .text               c_w.l(h1_free.o)
    0x00000fc0   0x00000fc0   0x000001d6   Code   RO          650    .text               c_w.l(flsbuf.o)
    0x00001196   0x00001196   0x00000046   Code   RO          652    .text               c_w.l(setvbuf.o)
    0x000011dc   0x000011dc   0x000000ec   Code   RO          655    .text               c_w.l(fopen.o)
    0x000012c8   0x000012c8   0x0000004c   Code   RO          657    .text               c_w.l(fclose.o)
    0x00001314   0x00001314   0x00000012   Code   RO          663    .text               c_w.l(exit.o)
    0x00001326   0x00001326   0x0000000e   Code   RO          665    .text               c_w.l(defsig_rtred_outer.o)
    0x00001334   0x00001334   0x0000004e   Code   RO          669    .text               c_w.l(rt_memclr_w.o)
    0x00001382   0x00001382   0x00000002   PAD
    0x00001384   0x00001384   0x00000080   Code   RO          671    .text               c_w.l(strcmpv7m.o)
    0x00001404   0x00001404   0x00000002   Code   RO          742    .text               c_w.l(use_no_semi.o)
    0x00001406   0x00001406   0x00000000   Code   RO          744    .text               c_w.l(indicate_semi.o)
    0x00001406   0x00001406   0x00000002   PAD
    0x00001408   0x00001408   0x00000008   Code   RO          752    .text               c_w.l(rt_heap_descriptor_intlibspace.o)
    0x00001410   0x00001410   0x00000004   Code   RO          754    .text               c_w.l(hguard.o)
    0x00001414   0x00001414   0x0000008a   Code   RO          756    .text               c_w.l(init_alloc.o)
    0x0000149e   0x0000149e   0x0000005e   Code   RO          762    .text               c_w.l(h1_alloc.o)
    0x000014fc   0x000014fc   0x000000f8   Code   RO          778    .text               c_w.l(fseek.o)
    0x000015f4   0x000015f4   0x000000f0   Code   RO          780    .text               c_w.l(stdio.o)
    0x000016e4   0x000016e4   0x0000000a   Code   RO          786    .text               c_w.l(defsig_exit.o)
    0x000016ee   0x000016ee   0x00000002   PAD
    0x000016f0   0x000016f0   0x00000034   Code   RO          788    .text               c_w.l(defsig_rtred_inner.o)
    0x00001724   0x00001724   0x0000003e   Code   RO          792    .text               c_w.l(strlen.o)
    0x00001762   0x00001762   0x00000002   PAD
    0x00001764   0x00001764   0x0000000c   Code   RO          800    .text               c_w.l(sys_exit.o)
    0x00001770   0x00001770   0x0000000e   Code   RO          811    .text               c_w.l(h1_init.o)
    0x0000177e   0x0000177e   0x00000034   Code   RO          813    .text               c_w.l(h1_extend.o)
    0x000017b2   0x000017b2   0x00000042   Code   RO          823    .text               c_w.l(ftell.o)
    0x000017f4   0x000017f4   0x00000032   Code   RO          831    .text               c_w.l(defsig_general.o)
    0x00001826   0x00001826   0x0000000e   Code   RO          833    .text               c_w.l(defsig_rtmem_outer.o)
    0x00001834   0x00001834   0x0000000e   Code   RO          848    .text               c_w.l(sys_wrch.o)
    0x00001842   0x00001842   0x00000002   PAD
    0x00001844   0x00001844   0x00000008   Code   RO          855    .text               c_w.l(rt_errno_addr_intlibspace.o)
    0x0000184c   0x0000184c   0x00000050   Code   RO          861    .text               c_w.l(defsig_rtmem_inner.o)
    0x0000189c   0x0000189c   0x0000003e   Code   RO          539    CL$$btod_d2e        c_w.l(btod.o)
    0x000018da   0x000018da   0x00000046   Code   RO          541    CL$$btod_d2e_denorm_low  c_w.l(btod.o)
    0x00001920   0x00001920   0x00000060   Code   RO          540    CL$$btod_d2e_norm_op1  c_w.l(btod.o)
    0x00001980   0x00001980   0x00000338   Code   RO          549    CL$$btod_div_common  c_w.l(btod.o)
    0x00001cb8   0x00001cb8   0x000000dc   Code   RO          546    CL$$btod_e2e        c_w.l(btod.o)
    0x00001d94   0x00001d94   0x0000002a   Code   RO          543    CL$$btod_ediv       c_w.l(btod.o)
    0x00001dbe   0x00001dbe   0x0000002a   Code   RO          542    CL$$btod_emul       c_w.l(btod.o)
    0x00001de8   0x00001de8   0x00000244   Code   RO          548    CL$$btod_mult_common  c_w.l(btod.o)
    0x0000202c   0x0000202c   0x00000014   Code   RO           81    i.ADC0_IRQHandler   camera.o
    0x00002040   0x00002040   0x00000008   Code   RO           84    i.CAMERA_getLine    camera.o
    0x00002048   0x00002048   0x0000000c   Code   RO           85    i.CAMERA_setCapcnt  camera.o
    0x00002054   0x00002054   0x000000ec   Code   RO           86    i.FTM2_IRQHandler   camera.o
    0x00002140   0x00002140   0x00000040   Code   RO           87    i.PIT0_IRQHandler   camera.o
    0x00002180   0x00002180   0x000000a0   Code   RO          226    i.SERVO_SetServo    servo.o
    0x00002220   0x00002220   0x00000060   Code   RO          227    i.SERVO_init        servo.o
    0x00002280   0x00002280   0x000000a0   Code   RO          377    i.SystemInit        system_mk64f12.o
    0x00002320   0x00002320   0x00000030   Code   RO          580    i.__ARM_fpclassify  m_wm.l(fpclassify.o)
    0x00002350   0x00002350   0x0000001a   Code   RO           88    i.__NVIC_EnableIRQ  camera.o
    0x0000236a   0x0000236a   0x00000002   PAD
    0x0000236c   0x0000236c   0x0000026c   Code   RO          306    i.cameraAndServo    main.o
    0x000025d8   0x000025d8   0x00000018   Code   RO           89    i.camera_init       camera.o
    0x000025f0   0x000025f0   0x0000001a   Code   RO          564    i.fputc             c_w.l(fputc.o)
    0x0000260a   0x0000260a   0x00000002   PAD
    0x0000260c   0x0000260c   0x000000b4   Code   RO           90    i.init_ADC0         camera.o
    0x000026c0   0x000026c0   0x00000088   Code   RO           91    i.init_FTM2         camera.o
    0x00002748   0x00002748   0x00000040   Code   RO           92    i.init_GPIO         camera.o
    0x00002788   0x00002788   0x00000070   Code   RO           93    i.init_PIT          camera.o
    0x000027f8   0x000027f8   0x00000004   Code   RO          309    i.main              main.o
    0x000027fc   0x000027fc   0x00000098   Code   RO            6    i.uart_init         uart.o
    0x00002894   0x00002894   0x00000016   Code   RO            7    i.uart_put          uart.o
    0x000028aa   0x000028aa   0x00000002   PAD
    0x000028ac   0x000028ac   0x00000018   Code   RO            8    i.uart_putchar      uart.o
    0x000028c4   0x000028c4   0x0000002c   Code   RO          576    locale$$code        c_w.l(lc_numeric_c.o)
    0x000028f0   0x000028f0   0x00000150   Code   RO          457    x$fpl$dadd          fz_wm.l(daddsub_clz.o)
    0x00002a40   0x00002a40   0x000002b0   Code   RO          464    x$fpl$ddiv          fz_wm.l(ddiv.o)
    0x00002cf0   0x00002cf0   0x0000005a   Code   RO          467    x$fpl$dfixu         fz_wm.l(dfixu.o)
    0x00002d4a   0x00002d4a   0x0000002e   Code   RO          472    x$fpl$dflt          fz_wm.l(dflt_clz.o)
    0x00002d78   0x00002d78   0x00000154   Code   RO          479    x$fpl$dmul          fz_wm.l(dmul.o)
    0x00002ecc   0x00002ecc   0x0000009c   Code   RO          505    x$fpl$dnaninf       fz_wm.l(dnaninf.o)
    0x00002f68   0x00002f68   0x0000000c   Code   RO          507    x$fpl$dretinf       fz_wm.l(dretinf.o)
    0x00002f74   0x00002f74   0x000001d4   Code   RO          459    x$fpl$dsub          fz_wm.l(daddsub_clz.o)
    0x00003148   0x00003148   0x0000000a   Code   RO          798    x$fpl$fpinit        fz_wm.l(fpinit.o)
    0x00003152   0x00003152   0x00000004   Code   RO          483    x$fpl$printf1       fz_wm.l(printf1.o)
    0x00003156   0x00003156   0x00000000   Code   RO          509    x$fpl$usenofp       fz_wm.l(usenofp.o)
    0x00003156   0x00003156   0x00000002   PAD
    0x00003158   0x00003158   0x00000094   Data   RO          537    .constdata          c_w.l(bigflt0.o)
    0x000031ec   0x000031ec   0x00000004   Data   RO          583    .constdata          c_w.l(sys_io.o)
    0x000031f0   0x000031f0   0x00000004   Data   RO          584    .constdata          c_w.l(sys_io.o)
    0x000031f4   0x000031f4   0x00000004   Data   RO          585    .constdata          c_w.l(sys_io.o)
    0x000031f8   0x000031f8   0x00000020   Data   RO          886    Region$$Table       anon$$obj.o
    0x00003218   0x00003218   0x0000001c   Data   RO          575    locale$$data        c_w.l(lc_numeric_c.o)


    Execution Region RW_IRAM1 (Exec base: 0x20000000, Load base: 0x00003234, Size: 0x000006e0, Max: 0x00030000, ABSOLUTE)

    Exec Addr    Load Addr    Size         Type   Attr      Idx    E Section Name        Object

    0x20000000   0x00003234   0x00000012   Data   RW           95    .data               camera.o
    0x20000012   0x00003246   0x00000002   PAD
    0x20000014   0x00003248   0x00000004   Data   RW          500    .data               c_w.l(stdio_streams.o)
    0x20000018   0x0000324c   0x00000004   Data   RW          501    .data               c_w.l(stdio_streams.o)
    0x2000001c   0x00003250   0x00000004   Data   RW          502    .data               c_w.l(stdio_streams.o)
    0x20000020        -       0x00000164   Zero   RW           94    .bss                camera.o
    0x20000184        -       0x00000054   Zero   RW          497    .bss                c_w.l(stdio_streams.o)
    0x200001d8        -       0x00000054   Zero   RW          498    .bss                c_w.l(stdio_streams.o)
    0x2000022c        -       0x00000054   Zero   RW          499    .bss                c_w.l(stdio_streams.o)
    0x20000280        -       0x00000060   Zero   RW          588    .bss                c_w.l(libspace.o)
    0x200002e0        -       0x00000000   Zero   RW          364    HEAP                startup_mk64f12.o
    0x200002e0        -       0x00000400   Zero   RW          363    STACK               startup_mk64f12.o


==============================================================================

Image component sizes


      Code (inc. data)   RO Data    RW Data    ZI Data      Debug   Object Name

       882        118          0         18        356      34335   camera.o
       624        224          0          0          0       1728   main.o
       256         72          0          0          0       1098   servo.o
        88         44       1024          0       1024       1108   startup_mk64f12.o
       160         24          0          0          0        549   system_mk64f12.o
       198         18          0          0          0     352026   uart.o

    ----------------------------------------------------------------------
      2212        500       1056         20       1380     390844   Object Totals
         0          0         32          0          0          0   (incl. Generated)
         4          0          0          2          0          0   (incl. Padding)

    ----------------------------------------------------------------------

      Code (inc. data)   RO Data    RW Data    ZI Data      Debug   Library Member Name

         8          0          0          0          0         68   __main.o
       104          0          0          0          0         84   __printf.o
         0          0          0          0          0          0   __rtentry.o
        12          0          0          0          0          0   __rtentry2.o
         6          0          0          0          0          0   __rtentry4.o
        52          8          0          0          0          0   __scatter.o
        26          0          0          0          0          0   __scatter_copy.o
        28          0          0          0          0          0   __scatter_zi.o
        48          6          0          0          0         96   _printf_char_common.o
        36          4          0          0          0         80   _printf_char_file.o
         6          0          0          0          0          0   _printf_d.o
       120         16          0          0          0         92   _printf_dec.o
         6          0          0          0          0          0   _printf_f.o
      1054          0          0          0          0        216   _printf_fp_dec.o
       128         16          0          0          0         84   _printf_fp_infnan.o
       178          0          0          0          0         88   _printf_intcommon.o
         0          0          0          0          0          0   _printf_percent.o
         4          0          0          0          0          0   _printf_percent_end.o
        10          0          0          0          0         68   _sputc.o
       228          4        148          0          0         96   bigflt0.o
      1936        128          0          0          0        672   btod.o
        10          0          0          0          0         68   defsig_exit.o
        50          0          0          0          0         88   defsig_general.o
        80         58          0          0          0         76   defsig_rtmem_inner.o
        14          0          0          0          0         80   defsig_rtmem_outer.o
        52         38          0          0          0         76   defsig_rtred_inner.o
        14          0          0          0          0         80   defsig_rtred_outer.o
        18          0          0          0          0         80   exit.o
        76          0          0          0          0         88   fclose.o
         8          0          0          0          0         68   ferror.o
       470          0          0          0          0         88   flsbuf.o
       236          4          0          0          0        128   fopen.o
        26          0          0          0          0         68   fputc.o
       248          6          0          0          0         84   fseek.o
        66          0          0          0          0         76   ftell.o
        94          0          0          0          0         80   h1_alloc.o
        52          0          0          0          0         68   h1_extend.o
        78          0          0          0          0         80   h1_free.o
        14          0          0          0          0         84   h1_init.o
         6          0          0          0          0        152   heapauxi.o
         4          0          0          0          0        136   hguard.o
         0          0          0          0          0          0   indicate_semi.o
       138          0          0          0          0        168   init_alloc.o
       312         46          0          0          0        112   initio.o
        44         10         28          0          0         76   lc_numeric_c.o
         2          0          0          0          0          0   libinit.o
        34          0          0          0          0          0   libinit2.o
         2          0          0          0          0          0   libshutdown.o
         6          0          0          0          0          0   libshutdown2.o
         8          4          0          0         96         68   libspace.o
       138          0          0          0          0         80   lludiv10.o
         0          0          0          0          0          0   maybetermalloc1.o
        24          4          0          0          0         84   noretval__2printf.o
        40          6          0          0          0         84   noretval__2sprintf.o
         8          4          0          0          0         68   rt_errno_addr_intlibspace.o
         8          4          0          0          0         68   rt_heap_descriptor_intlibspace.o
         8          4          0          0          0         68   rt_locale_intlibspace.o
        78          0          0          0          0         80   rt_memclr_w.o
         2          0          0          0          0          0   rtexit.o
        10          0          0          0          0          0   rtexit2.o
        70          0          0          0          0         80   setvbuf.o
       240          6          0          0          0        156   stdio.o
         0          0          0         12        252          0   stdio_streams.o
       128          0          0          0          0         68   strcmpv7m.o
        62          0          0          0          0         76   strlen.o
        12          4          0          0          0         68   sys_exit.o
       102          0         12          0          0        240   sys_io.o
        74          0          0          0          0         80   sys_stackheap_outer.o
        14          0          0          0          0         76   sys_wrch.o
         2          0          0          0          0         68   use_no_semi.o
       804         16          0          0          0        368   daddsub_clz.o
       688        140          0          0          0        256   ddiv.o
        90          4          0          0          0        140   dfixu.o
        46          0          0          0          0        116   dflt_clz.o
       340         12          0          0          0        152   dmul.o
       156          4          0          0          0        140   dnaninf.o
        12          0          0          0          0        116   dretinf.o
        10          0          0          0          0        116   fpinit.o
         4          0          0          0          0        116   printf1.o
         0          0          0          0          0          0   usenofp.o
        48          0          0          0          0        124   fpclassify.o

    ----------------------------------------------------------------------
      9396        556        188         12        348       6904   Library Totals
        26          0          0          0          0          0   (incl. Padding)

    ----------------------------------------------------------------------

      Code (inc. data)   RO Data    RW Data    ZI Data      Debug   Library Name

      7172        380        188         12        348       5260   c_w.l
      2150        176          0          0          0       1520   fz_wm.l
        48          0          0          0          0        124   m_wm.l

    ----------------------------------------------------------------------
      9396        556        188         12        348       6904   Library Totals

    ----------------------------------------------------------------------

==============================================================================


      Code (inc. data)   RO Data    RW Data    ZI Data      Debug   

     11608       1056       1244         32       1728     392336   Grand Totals
     11608       1056       1244         32       1728     392336   ELF Image Totals
     11608       1056       1244         32          0          0   ROM Totals

==============================================================================

    Total RO  Size (Code + RO Data)                12852 (  12.55kB)
    Total RW  Size (RW Data + ZI Data)              1760 (   1.72kB)
    Total ROM Size (Code + RO Data + RW Data)      12884 (  12.58kB)

==============================================================================

